// Jest Snapshot v1, https://goo.gl/fbAQLP

exports[`Buttons component should render with the provided number and handle event 1`] = `undefined`;
