// Jest Snapshot v1, https://goo.gl/fbAQLP

exports[`Navbar component renders correctly 1`] = `
<nav
  className="navbar"
>
  <h1
    className="logo"
  >
    Math Magicians
  </h1>
  <ul>
    <li>
      <a
        href="/"
        onClick={[Function]}
      >
        Home
      </a>
    </li>
    <li>
      <a
        href="/calculator"
        onClick={[Function]}
      >
        Calculator
      </a>
    </li>
    <li>
      <a
        href="/quote"
        onClick={[Function]}
      >
        Quote
      </a>
    </li>
  </ul>
</nav>
`;
